❌ ERRORE in handle_button_click:
A request to the Telegram API was unsuccessful. Error code: 400. Description: Bad Request: chat not found
Traceback (most recent call last):
  File "/home/pi/Applications/spese_cisot_bot/spese_cisot_bot.py", line 62, in wrapper
    print(error_msg)
           ^^^^^^^^^^
  File "/home/pi/Applications/spese_cisot_bot/spese_cisot_bot.py", line 167, in handle_button_click
    return
  File "/home/pi/Applications/spese_cisot_bot/venv/lib/python3.11/site-packages/telebot/__init__.py", line 1800, in send_message
    apihelper.send_message(
  File "/home/pi/Applications/spese_cisot_bot/venv/lib/python3.11/site-packages/telebot/apihelper.py", line 275, in send_message
    return _make_request(token, method_url, params=payload, method='post')
           ^^^^^^^^^^^^^^^^^^^^^^^^^^^^^^^^^^^^^^^^^^^^^^^^^^^^^^^^^^^^^^^
  File "/home/pi/Applications/spese_cisot_bot/venv/lib/python3.11/site-packages/telebot/apihelper.py", line 168, in _make_request
    json_result = _check_result(method_name, result)
                  ^^^^^^^^^^^^^^^^^^^^^^^^^^^^^^^^^^
  File "/home/pi/Applications/spese_cisot_bot/venv/lib/python3.11/site-packages/telebot/apihelper.py", line 195, in _check_result
    raise ApiTelegramException(method_name, result, result_json)
telebot.apihelper.ApiTelegramException: A request to the Telegram API was unsuccessful. Error code: 400. Description: Bad Request: chat not found

Message: ccssdd
❌ ERRORE in get_message:
Impossibile convertire 'ccssdd' in numero. Il formato corretto è <NUMERO> <DESCRIZIONE> <Diviso?>
Traceback (most recent call last):
  File "/home/pi/Applications/spese_cisot_bot/spese_cisot_bot.py", line 31, in parse_message
    price = float(tokens[0].replace(',', '.'))
            ^^^^^^^^^^^^^^^^^^^^^^^^^^^^^^^^^^
ValueError: could not convert string to float: 'ccssdd'

During handling of the above exception, another exception occurred:

Traceback (most recent call last):
  File "/home/pi/Applications/spese_cisot_bot/spese_cisot_bot.py", line 58, in wrapper
    return func(*args, **kwargs)
           ^^^^^^^^^^^^^^^^^^^^^
  File "/home/pi/Applications/spese_cisot_bot/spese_cisot_bot.py", line 164, in get_message
    row = parse_message(message.text)
          ^^^^^^^^^^^^^^^^^^^^^^^^^^^
  File "/home/pi/Applications/spese_cisot_bot/spese_cisot_bot.py", line 34, in parse_message
    raise MessageFormatNotSupported(f"Impossibile convertire '{tokens[0].replace(',', '.')}' in numero. Il formato corretto è <NUMERO> <DESCRIZIONE> <Diviso?>")
my_exceptions.MessageFormatNotSupported: Impossibile convertire 'ccssdd' in numero. Il formato corretto è <NUMERO> <DESCRIZIONE> <Diviso?>

BUTTON CLICK {'id': '249263601170134532', 'from_user': {'id': 58036204, 'is_bot': False, 'first_name': 'Riccardo', 'username': 'RicPast', 'last_name': None, 'language_code': 'it', 'can_join_groups': None, 'can_read_all_group_messages': None, 'supports_inline_queries': None, 'is_premium': None, 'added_to_attachment_menu': None, 'can_connect_to_business': None, 'has_main_web_app': None}, 'message': {'content_type': 'text', 'id': 481, 'message_id': 481, 'from_user': <telebot.types.User object at 0x7fb0d531d0>, 'date': 1767015456, 'chat': <telebot.types.Chat object at 0x7fb0cd2d90>, 'sender_chat': None, 'is_automatic_forward': None, 'reply_to_message': None, 'via_bot': None, 'edit_date': None, 'has_protected_content': None, 'media_group_id': None, 'author_signature': None, 'text': 'Seleziona uno sheet', 'entities': None, 'caption_entities': None, 'audio': None, 'document': None, 'photo': None, 'sticker': None, 'video': None, 'video_note': None, 'voice': None, 'caption': None, 'contact': None, 'location': None, 'venue': None, 'animation': None, 'dice': None, 'new_chat_members': None, 'left_chat_member': None, 'new_chat_title': None, 'new_chat_photo': None, 'delete_chat_photo': None, 'group_chat_created': None, 'supergroup_chat_created': None, 'channel_chat_created': None, 'migrate_to_chat_id': None, 'migrate_from_chat_id': None, 'pinned_message': None, 'invoice': None, 'successful_payment': None, 'connected_website': None, 'reply_markup': <telebot.types.InlineKeyboardMarkup object at 0x7fb0cf8590>, 'message_thread_id': None, 'is_topic_message': None, 'chat_background_set': None, 'forum_topic_created': None, 'forum_topic_closed': None, 'forum_topic_reopened': None, 'has_media_spoiler': None, 'forum_topic_edited': None, 'general_forum_topic_hidden': None, 'general_forum_topic_unhidden': None, 'write_access_allowed': None, 'users_shared': None, 'chat_shared': None, 'story': None, 'external_reply': None, 'quote': None, 'link_preview_options': None, 'giveaway_created': None, 'giveaway': None, 'giveaway_winners': None, 'giveaway_completed': None, 'forward_origin': None, 'boost_added': None, 'sender_boost_count': None, 'reply_to_story': None, 'sender_business_bot': None, 'business_connection_id': None, 'is_from_offline': None, 'effect_id': None, 'show_caption_above_media': None, 'paid_media': None, 'refunded_payment': None, 'proximity_alert_triggered': None, 'video_chat_scheduled': None, 'video_chat_started': None, 'video_chat_ended': None, 'video_chat_participants_invited': None, 'web_app_data': None, 'message_auto_delete_timer_changed': None, 'gift': None, 'unique_gift': None, 'paid_message_price_changed': None, 'paid_star_count': None, 'checklist': None, 'checklist_tasks_done': None, 'checklist_tasks_added': None, 'direct_message_price_changed': None, 'json': {'message_id': 481, 'from': {'id': 7964354910, 'is_bot': True, 'first_name': 'SpeseCisot', 'username': 'spese_cisot_bot'}, 'chat': {'id': 58036204, 'first_name': 'Riccardo', 'username': 'RicPast', 'type': 'private'}, 'date': 1767015456, 'text': 'Seleziona uno sheet', 'reply_markup': {'inline_keyboard': [[{'text': 'Spese 2025 - Riccardo (CURRENT)', 'callback_data': 'current'}], [{'text': 'Aggiungi nuovo sheet', 'callback_data': 'new'}]]}}}, 'inline_message_id': None, 'chat_instance': '-1080171989398137843', 'data': 'current', 'game_short_name': None, 'json': {'id': '249263601170134532', 'from': {'id': 58036204, 'is_bot': False, 'first_name': 'Riccardo', 'username': 'RicPast', 'language_code': 'it'}, 'message': {'message_id': 481, 'from': {'id': 7964354910, 'is_bot': True, 'first_name': 'SpeseCisot', 'username': 'spese_cisot_bot'}, 'chat': {'id': 58036204, 'first_name': 'Riccardo', 'username': 'RicPast', 'type': 'private'}, 'date': 1767015456, 'text': 'Seleziona uno sheet', 'reply_markup': {'inline_keyboard': [[{'text': 'Spese 2025 - Riccardo (CURRENT)', 'callback_data': 'current'}], [{'text': 'Aggiungi nuovo sheet', 'callback_data': 'new'}]]}}, 'chat_instance': '-1080171989398137843', 'data': 'current'}}
❌ ERRORE in handle_button_click:
A request to the Telegram API was unsuccessful. Error code: 400. Description: Bad Request: chat not found
Traceback (most recent call last):
  File "/home/pi/Applications/spese_cisot_bot/spese_cisot_bot.py", line 58, in wrapper
    return func(*args, **kwargs)
           ^^^^^^^^^^^^^^^^^^^^^
  File "/home/pi/Applications/spese_cisot_bot/spese_cisot_bot.py", line 155, in handle_button_click
    bot.send_message(message_id, call.data)
  File "/home/pi/Applications/spese_cisot_bot/venv/lib/python3.11/site-packages/telebot/__init__.py", line 1800, in send_message
    apihelper.send_message(
  File "/home/pi/Applications/spese_cisot_bot/venv/lib/python3.11/site-packages/telebot/apihelper.py", line 275, in send_message
    return _make_request(token, method_url, params=payload, method='post')
           ^^^^^^^^^^^^^^^^^^^^^^^^^^^^^^^^^^^^^^^^^^^^^^^^^^^^^^^^^^^^^^^
  File "/home/pi/Applications/spese_cisot_bot/venv/lib/python3.11/site-packages/telebot/apihelper.py", line 168, in _make_request
    json_result = _check_result(method_name, result)
                  ^^^^^^^^^^^^^^^^^^^^^^^^^^^^^^^^^^
  File "/home/pi/Applications/spese_cisot_bot/venv/lib/python3.11/site-packages/telebot/apihelper.py", line 195, in _check_result
    raise ApiTelegramException(method_name, result, result_json)
telebot.apihelper.ApiTelegramException: A request to the Telegram API was unsuccessful. Error code: 400. Description: Bad Request: chat not found

BUTTON CLICK {'id': '249263598420837921', 'from_user': {'id': 58036204, 'is_bot': False, 'first_name': 'Riccardo', 'username': 'RicPast', 'last_name': None, 'language_code': 'it', 'can_join_groups': None, 'can_read_all_group_messages': None, 'supports_inline_queries': None, 'is_premium': None, 'added_to_attachment_menu': None, 'can_connect_to_business': None, 'has_main_web_app': None}, 'message': {'content_type': 'text', 'id': 481, 'message_id': 481, 'from_user': <telebot.types.User object at 0x7fa07c8ed0>, 'date': 1767015456, 'chat': <telebot.types.Chat object at 0x7fa07c8f10>, 'sender_chat': None, 'is_automatic_forward': None, 'reply_to_message': None, 'via_bot': None, 'edit_date': None, 'has_protected_content': None, 'media_group_id': None, 'author_signature': None, 'text': 'Seleziona uno sheet', 'entities': None, 'caption_entities': None, 'audio': None, 'document': None, 'photo': None, 'sticker': None, 'video': None, 'video_note': None, 'voice': None, 'caption': None, 'contact': None, 'location': None, 'venue': None, 'animation': None, 'dice': None, 'new_chat_members': None, 'left_chat_member': None, 'new_chat_title': None, 'new_chat_photo': None, 'delete_chat_photo': None, 'group_chat_created': None, 'supergroup_chat_created': None, 'channel_chat_created': None, 'migrate_to_chat_id': None, 'migrate_from_chat_id': None, 'pinned_message': None, 'invoice': None, 'successful_payment': None, 'connected_website': None, 'reply_markup': <telebot.types.InlineKeyboardMarkup object at 0x7fa0c1c950>, 'message_thread_id': None, 'is_topic_message': None, 'chat_background_set': None, 'forum_topic_created': None, 'forum_topic_closed': None, 'forum_topic_reopened': None, 'has_media_spoiler': None, 'forum_topic_edited': None, 'general_forum_topic_hidden': None, 'general_forum_topic_unhidden': None, 'write_access_allowed': None, 'users_shared': None, 'chat_shared': None, 'story': None, 'external_reply': None, 'quote': None, 'link_preview_options': None, 'giveaway_created': None, 'giveaway': None, 'giveaway_winners': None, 'giveaway_completed': None, 'forward_origin': None, 'boost_added': None, 'sender_boost_count': None, 'reply_to_story': None, 'sender_business_bot': None, 'business_connection_id': None, 'is_from_offline': None, 'effect_id': None, 'show_caption_above_media': None, 'paid_media': None, 'refunded_payment': None, 'proximity_alert_triggered': None, 'video_chat_scheduled': None, 'video_chat_started': None, 'video_chat_ended': None, 'video_chat_participants_invited': None, 'web_app_data': None, 'message_auto_delete_timer_changed': None, 'gift': None, 'unique_gift': None, 'paid_message_price_changed': None, 'paid_star_count': None, 'checklist': None, 'checklist_tasks_done': None, 'checklist_tasks_added': None, 'direct_message_price_changed': None, 'json': {'message_id': 481, 'from': {'id': 7964354910, 'is_bot': True, 'first_name': 'SpeseCisot', 'username': 'spese_cisot_bot'}, 'chat': {'id': 58036204, 'first_name': 'Riccardo', 'username': 'RicPast', 'type': 'private'}, 'date': 1767015456, 'text': 'Seleziona uno sheet', 'reply_markup': {'inline_keyboard': [[{'text': 'Spese 2025 - Riccardo (CURRENT)', 'callback_data': 'current'}], [{'text': 'Aggiungi nuovo sheet', 'callback_data': 'new'}]]}}}, 'inline_message_id': None, 'chat_instance': '-1080171989398137843', 'data': 'current', 'game_short_name': None, 'json': {'id': '249263598420837921', 'from': {'id': 58036204, 'is_bot': False, 'first_name': 'Riccardo', 'username': 'RicPast', 'language_code': 'it'}, 'message': {'message_id': 481, 'from': {'id': 7964354910, 'is_bot': True, 'first_name': 'SpeseCisot', 'username': 'spese_cisot_bot'}, 'chat': {'id': 58036204, 'first_name': 'Riccardo', 'username': 'RicPast', 'type': 'private'}, 'date': 1767015456, 'text': 'Seleziona uno sheet', 'reply_markup': {'inline_keyboard': [[{'text': 'Spese 2025 - Riccardo (CURRENT)', 'callback_data': 'current'}], [{'text': 'Aggiungi nuovo sheet', 'callback_data': 'new'}]]}}, 'chat_instance': '-1080171989398137843', 'data': 'current'}}
BUTTON CLICK {'id': '249263602146081392', 'from_user': {'id': 58036204, 'is_bot': False, 'first_name': 'Riccardo', 'username': 'RicPast', 'last_name': None, 'language_code': 'it', 'can_join_groups': None, 'can_read_all_group_messages': None, 'supports_inline_queries': None, 'is_premium': None, 'added_to_attachment_menu': None, 'can_connect_to_business': None, 'has_main_web_app': None}, 'message': {'content_type': 'text', 'id': 481, 'message_id': 481, 'from_user': <telebot.types.User object at 0x7fa0c44550>, 'date': 1767015456, 'chat': <telebot.types.Chat object at 0x7fa07cb8d0>, 'sender_chat': None, 'is_automatic_forward': None, 'reply_to_message': None, 'via_bot': None, 'edit_date': None, 'has_protected_content': None, 'media_group_id': None, 'author_signature': None, 'text': 'Seleziona uno sheet', 'entities': None, 'caption_entities': None, 'audio': None, 'document': None, 'photo': None, 'sticker': None, 'video': None, 'video_note': None, 'voice': None, 'caption': None, 'contact': None, 'location': None, 'venue': None, 'animation': None, 'dice': None, 'new_chat_members': None, 'left_chat_member': None, 'new_chat_title': None, 'new_chat_photo': None, 'delete_chat_photo': None, 'group_chat_created': None, 'supergroup_chat_created': None, 'channel_chat_created': None, 'migrate_to_chat_id': None, 'migrate_from_chat_id': None, 'pinned_message': None, 'invoice': None, 'successful_payment': None, 'connected_website': None, 'reply_markup': <telebot.types.InlineKeyboardMarkup object at 0x7fa07ca010>, 'message_thread_id': None, 'is_topic_message': None, 'chat_background_set': None, 'forum_topic_created': None, 'forum_topic_closed': None, 'forum_topic_reopened': None, 'has_media_spoiler': None, 'forum_topic_edited': None, 'general_forum_topic_hidden': None, 'general_forum_topic_unhidden': None, 'write_access_allowed': None, 'users_shared': None, 'chat_shared': None, 'story': None, 'external_reply': None, 'quote': None, 'link_preview_options': None, 'giveaway_created': None, 'giveaway': None, 'giveaway_winners': None, 'giveaway_completed': None, 'forward_origin': None, 'boost_added': None, 'sender_boost_count': None, 'reply_to_story': None, 'sender_business_bot': None, 'business_connection_id': None, 'is_from_offline': None, 'effect_id': None, 'show_caption_above_media': None, 'paid_media': None, 'refunded_payment': None, 'proximity_alert_triggered': None, 'video_chat_scheduled': None, 'video_chat_started': None, 'video_chat_ended': None, 'video_chat_participants_invited': None, 'web_app_data': None, 'message_auto_delete_timer_changed': None, 'gift': None, 'unique_gift': None, 'paid_message_price_changed': None, 'paid_star_count': None, 'checklist': None, 'checklist_tasks_done': None, 'checklist_tasks_added': None, 'direct_message_price_changed': None, 'json': {'message_id': 481, 'from': {'id': 7964354910, 'is_bot': True, 'first_name': 'SpeseCisot', 'username': 'spese_cisot_bot'}, 'chat': {'id': 58036204, 'first_name': 'Riccardo', 'username': 'RicPast', 'type': 'private'}, 'date': 1767015456, 'text': 'Seleziona uno sheet', 'reply_markup': {'inline_keyboard': [[{'text': 'Spese 2025 - Riccardo (CURRENT)', 'callback_data': 'current'}], [{'text': 'Aggiungi nuovo sheet', 'callback_data': 'new'}]]}}}, 'inline_message_id': None, 'chat_instance': '-1080171989398137843', 'data': 'new', 'game_short_name': None, 'json': {'id': '249263602146081392', 'from': {'id': 58036204, 'is_bot': False, 'first_name': 'Riccardo', 'username': 'RicPast', 'language_code': 'it'}, 'message': {'message_id': 481, 'from': {'id': 7964354910, 'is_bot': True, 'first_name': 'SpeseCisot', 'username': 'spese_cisot_bot'}, 'chat': {'id': 58036204, 'first_name': 'Riccardo', 'username': 'RicPast', 'type': 'private'}, 'date': 1767015456, 'text': 'Seleziona uno sheet', 'reply_markup': {'inline_keyboard': [[{'text': 'Spese 2025 - Riccardo (CURRENT)', 'callback_data': 'current'}], [{'text': 'Aggiungi nuovo sheet', 'callback_data': 'new'}]]}}, 'chat_instance': '-1080171989398137843', 'data': 'new'}}
2025-12-29 14:59:08,686 (__init__.py:1115 MainThread) ERROR - TeleBot: "Infinity polling exception: HTTPSConnectionPool(host='api.telegram.org', port=443): Read timed out. (read timeout=25)"
2025-12-29 14:59:08,722 (__init__.py:1117 MainThread) ERROR - TeleBot: "Exception traceback:
Traceback (most recent call last):
  File "/home/pi/Applications/spese_cisot_bot/venv/lib/python3.11/site-packages/urllib3/connectionpool.py", line 534, in _make_request
    response = conn.getresponse()
               ^^^^^^^^^^^^^^^^^^
  File "/home/pi/Applications/spese_cisot_bot/venv/lib/python3.11/site-packages/urllib3/connection.py", line 565, in getresponse
    httplib_response = super().getresponse()
                       ^^^^^^^^^^^^^^^^^^^^^
  File "/usr/lib/python3.11/http/client.py", line 1374, in getresponse
    response.begin()
  File "/usr/lib/python3.11/http/client.py", line 318, in begin
    version, status, reason = self._read_status()
                              ^^^^^^^^^^^^^^^^^^^
  File "/usr/lib/python3.11/http/client.py", line 279, in _read_status
    line = str(self.fp.readline(_MAXLINE + 1), "iso-8859-1")
               ^^^^^^^^^^^^^^^^^^^^^^^^^^^^^^
  File "/usr/lib/python3.11/socket.py", line 706, in readinto
    return self._sock.recv_into(b)
           ^^^^^^^^^^^^^^^^^^^^^^^
  File "/usr/lib/python3.11/ssl.py", line 1311, in recv_into
    return self.read(nbytes, buffer)
           ^^^^^^^^^^^^^^^^^^^^^^^^^
  File "/usr/lib/python3.11/ssl.py", line 1167, in read
    return self._sslobj.read(len, buffer)
           ^^^^^^^^^^^^^^^^^^^^^^^^^^^^^^
TimeoutError: The read operation timed out

The above exception was the direct cause of the following exception:

Traceback (most recent call last):
  File "/home/pi/Applications/spese_cisot_bot/venv/lib/python3.11/site-packages/requests/adapters.py", line 644, in send
    resp = conn.urlopen(
           ^^^^^^^^^^^^^
  File "/home/pi/Applications/spese_cisot_bot/venv/lib/python3.11/site-packages/urllib3/connectionpool.py", line 841, in urlopen
    retries = retries.increment(
              ^^^^^^^^^^^^^^^^^^
  File "/home/pi/Applications/spese_cisot_bot/venv/lib/python3.11/site-packages/urllib3/util/retry.py", line 474, in increment
    raise reraise(type(error), error, _stacktrace)
          ^^^^^^^^^^^^^^^^^^^^^^^^^^^^^^^^^^^^^^^^
  File "/home/pi/Applications/spese_cisot_bot/venv/lib/python3.11/site-packages/urllib3/util/util.py", line 39, in reraise
    raise value
  File "/home/pi/Applications/spese_cisot_bot/venv/lib/python3.11/site-packages/urllib3/connectionpool.py", line 787, in urlopen
    response = self._make_request(
               ^^^^^^^^^^^^^^^^^^^
  File "/home/pi/Applications/spese_cisot_bot/venv/lib/python3.11/site-packages/urllib3/connectionpool.py", line 536, in _make_request
    self._raise_timeout(err=e, url=url, timeout_value=read_timeout)
  File "/home/pi/Applications/spese_cisot_bot/venv/lib/python3.11/site-packages/urllib3/connectionpool.py", line 367, in _raise_timeout
    raise ReadTimeoutError(
urllib3.exceptions.ReadTimeoutError: HTTPSConnectionPool(host='api.telegram.org', port=443): Read timed out. (read timeout=25)

During handling of the above exception, another exception occurred:

Traceback (most recent call last):
  File "/home/pi/Applications/spese_cisot_bot/venv/lib/python3.11/site-packages/telebot/__init__.py", line 1110, in infinity_polling
    self.polling(non_stop=True, timeout=timeout, long_polling_timeout=long_polling_timeout,
  File "/home/pi/Applications/spese_cisot_bot/venv/lib/python3.11/site-packages/telebot/__init__.py", line 1198, in polling
    self.__threaded_polling(non_stop=non_stop, interval=interval, timeout=timeout, long_polling_timeout=long_polling_timeout,
  File "/home/pi/Applications/spese_cisot_bot/venv/lib/python3.11/site-packages/telebot/__init__.py", line 1273, in __threaded_polling
    raise e
  File "/home/pi/Applications/spese_cisot_bot/venv/lib/python3.11/site-packages/telebot/__init__.py", line 1234, in __threaded_polling
    polling_thread.raise_exceptions()
  File "/home/pi/Applications/spese_cisot_bot/venv/lib/python3.11/site-packages/telebot/util.py", line 112, in raise_exceptions
    raise self.exception_info
  File "/home/pi/Applications/spese_cisot_bot/venv/lib/python3.11/site-packages/telebot/util.py", line 94, in run
    task(*args, **kwargs)
  File "/home/pi/Applications/spese_cisot_bot/venv/lib/python3.11/site-packages/telebot/__init__.py", line 688, in __retrieve_updates
    updates = self.get_updates(offset=(self.last_update_id + 1),
             ^^^^^^^^^^^^^^^^^^^^^^^^^^^^^^^^^^^^^^^^^^^^^^^^^^^
  File "/home/pi/Applications/spese_cisot_bot/venv/lib/python3.11/site-packages/telebot/__init__.py", line 660, in get_updates
    json_updates = apihelper.get_updates(
                   ^^^^^^^^^^^^^^^^^^^^^^
  File "/home/pi/Applications/spese_cisot_bot/venv/lib/python3.11/site-packages/telebot/apihelper.py", line 332, in get_updates
    return _make_request(token, method_url, params=payload)
           ^^^^^^^^^^^^^^^^^^^^^^^^^^^^^^^^^^^^^^^^^^^^^^^^
  File "/home/pi/Applications/spese_cisot_bot/venv/lib/python3.11/site-packages/telebot/apihelper.py", line 162, in _make_request
    result = _get_req_session().request(
             ^^^^^^^^^^^^^^^^^^^^^^^^^^^
  File "/home/pi/Applications/spese_cisot_bot/venv/lib/python3.11/site-packages/requests/sessions.py", line 589, in request
    resp = self.send(prep, **send_kwargs)
           ^^^^^^^^^^^^^^^^^^^^^^^^^^^^^^
  File "/home/pi/Applications/spese_cisot_bot/venv/lib/python3.11/site-packages/requests/sessions.py", line 703, in send
    r = adapter.send(request, **kwargs)
        ^^^^^^^^^^^^^^^^^^^^^^^^^^^^^^^
  File "/home/pi/Applications/spese_cisot_bot/venv/lib/python3.11/site-packages/requests/adapters.py", line 690, in send
    raise ReadTimeout(e, request=request)
requests.exceptions.ReadTimeout: HTTPSConnectionPool(host='api.telegram.org', port=443): Read timed out. (read timeout=25)
"
